                    iiiffffffffff   a     ccc  
                    iii         f   a     ccc
                    iii f       f  bbb  aDccc
                    f   f ccc   f  bbb  a cc
                    f   f cccffff   a   a    c 
                    fffff ccc   f   a   a    ccc
                    f           f   a   a    ccc
                    f           f   a   a    ccc
                    fffffffffffffffDaLaaaaaaDccc
                    f     f         D         L
                    f iii f bbb     a         a
                    f iiifffbbb     a         a
                    f iii f bbb   eeeee       a
                    f     f       eeeee       a
                    L     f       e e e       a
                    oooo  ffffffffeeeeeaaaaaaaa
                    oooo  f       eeeee       m
                    ooooLff hhh   e e e   aaa a
                          f hhh   eeeee   p   n
                          f hhh   eeeee   a oooo
                          f   D     f       oooo
                          f   ggg   f
                          f   ggg   f  ccc
                    l     f   gggDfff  ccc   iii
                    l     f         ffDcccfffiii
                    ll    f         D        iii
                     lllllklllll   ccc        f
                          f    ll  ccc        f
                          f     ll  k        Df
                          f      llllll       L
                          D         r lll     f
                         ttt        r   ll
                         ttt        r    llll
                         ttt        r       llllq
                                    r
                                  rDr



~
